npm verbose cli C:\Program Files\nodejs\node.exe C:\Program Files\nodejs\node_modules\npm\bin\npm-cli.js
npm info using npm@11.6.2
npm info using node@v24.13.0
npm verbose title npm run build
npm verbose argv "run" "build"
npm verbose logfile logs-max:10 dir:C:\Users\Romany\AppData\Local\npm-cache\_logs\2026-03-13T19_57_09_823Z-
npm verbose logfile C:\Users\Romany\AppData\Local\npm-cache\_logs\2026-03-13T19_57_09_823Z-debug-0.log

> storeapp@0.0.0 build
> vite build

[36mvite v8.0.0 [32mbuilding client environment for production...[36m[39m
[2Ktransforming...✓ 16 modules transformed.
[31m✗[39m Build failed in 178ms
[31merror during build:
[31mBuild failed with 3 errors:

[31m[PARSE_ERROR] Error:[0m Identifier `PurchasesScreen` has already been declared
      [38;5;246m╭[0m[38;5;246m─[0m[38;5;246m[[0m src/App.jsx:2022:10 [38;5;246m][0m
      [38;5;246m│[0m
 [38;5;246m2022 │[0m [38;5;249mf[0m[38;5;249mu[0m[38;5;249mn[0m[38;5;249mc[0m[38;5;249mt[0m[38;5;249mi[0m[38;5;249mo[0m[38;5;249mn[0m[38;5;249m [0mPurchasesScreen[38;5;249m([0m[38;5;249m{[0m[38;5;249m [0m[38;5;249mi[0m[38;5;249mt[0m[38;5;249me[0m[38;5;249mm[0m[38;5;249ms[0m[38;5;249m,[0m[38;5;249m [0m[38;5;249mp[0m[38;5;249mu[0m[38;5;249mr[0m[38;5;249mc[0m[38;5;249mh[0m[38;5;249ma[0m[38;5;249ms[0m[38;5;249me[0m[38;5;249ms[0m[38;5;249m,[0m[38;5;249m [0m[38;5;249ms[0m[38;5;249me[0m[38;5;249mt[0m[38;5;249mP[0m[38;5;249mu[0m[38;5;249mr[0m[38;5;249mc[0m[38;5;249mh[0m[38;5;249ma[0m[38;5;249ms[0m[38;5;249me[0m[38;5;249ms[0m[38;5;249m,[0m[38;5;249m [0m[38;5;249mc[0m[38;5;249mu[0m[38;5;249mr[0m[38;5;249mr[0m[38;5;249me[0m[38;5;249mn[0m[38;5;249mt[0m[38;5;249mU[0m[38;5;249ms[0m[38;5;249me[0m[38;5;249mr[0m[38;5;249m,[0m[38;5;249m [0m[38;5;249ml[0m[38;5;249ma[0m[38;5;249mn[0m[38;5;249mg[0m[38;5;249mu[0m[38;5;249ma[0m[38;5;249mg[0m[38;5;249me[0m[38;5;249m,[0m[38;5;249m [0m[38;5;249ma[0m[38;5;249mc[0m[38;5;249mt[0m[38;5;249mi[0m[38;5;249mv[0m[38;5;249me[0m[38;5;249mS[0m[38;5;249mh[0m[38;5;249mi[0m[38;5;249mf[0m[38;5;249mt[0m[38;5;249m,[0m[38;5;249m [0m[38;5;249mp[0m[38;5;249mu[0m[38;5;249ms[0m[38;5;249mh[0m[38;5;249mN[0m[38;5;249mo[0m[38;5;249mt[0m[38;5;249mi[0m[38;5;249mf[0m[38;5;249mi[0m[38;5;249mc[0m[38;5;249ma[0m[38;5;249mt[0m[38;5;249mi[0m[38;5;249mo[0m[38;5;249mn[0m[38;5;249m [0m[38;5;249m}[0m[38;5;249m)[0m[38;5;249m [0m[38;5;249m{[0m
 [38;5;240m     │[0m          ───────┬───────  
 [38;5;240m     │[0m                 ╰───────── `PurchasesScreen` has already been declared here
 [38;5;240m     │[0m 
 [38;5;246m6117 │[0m [38;5;249mf[0m[38;5;249mu[0m[38;5;249mn[0m[38;5;249mc[0m[38;5;249mt[0m[38;5;249mi[0m[38;5;249mo[0m[38;5;249mn[0m[38;5;249m [0mPurchasesScreen[38;5;249m([0m[38;5;249m{[0m[38;5;249m [0m[38;5;249mp[0m[38;5;249mu[0m[38;5;249mr[0m[38;5;249mc[0m[38;5;249mh[0m[38;5;249ma[0m[38;5;249ms[0m[38;5;249me[0m[38;5;249ms[0m[38;5;249m,[0m[38;5;249m [0m[38;5;249ms[0m[38;5;249me[0m[38;5;249mt[0m[38;5;249mP[0m[38;5;249mu[0m[38;5;249mr[0m[38;5;249mc[0m[38;5;249mh[0m[38;5;249ma[0m[38;5;249ms[0m[38;5;249me[0m[38;5;249ms[0m[38;5;249m,[0m[38;5;249m [0m[38;5;249mi[0m[38;5;249mt[0m[38;5;249me[0m[38;5;249mm[0m[38;5;249ms[0m[38;5;249m,[0m[38;5;249m [0m[38;5;249ms[0m[38;5;249me[0m[38;5;249mt[0m[38;5;249mI[0m[38;5;249mt[0m[38;5;249me[0m[38;5;249mm[0m[38;5;249ms[0m[38;5;249m,[0m[38;5;249m [0m[38;5;249mv[0m[38;5;249mo[0m[38;5;249mu[0m[38;5;249mc[0m[38;5;249mh[0m[38;5;249me[0m[38;5;249mr[0m[38;5;249ms[0m[38;5;249m,[0m[38;5;249m [0m[38;5;249ms[0m[38;5;249me[0m[38;5;249mt[0m[38;5;249mV[0m[38;5;249mo[0m[38;5;249mu[0m[38;5;249mc[0m[38;5;249mh[0m[38;5;249me[0m[38;5;249mr[0m[38;5;249ms[0m[38;5;249m,[0m[38;5;249m [0m[38;5;249ma[0m[38;5;249mc[0m[38;5;249mt[0m[38;5;249mi[0m[38;5;249mv[0m[38;5;249me[0m[38;5;249mS[0m[38;5;249mh[0m[38;5;249mi[0m[38;5;249mf[0m[38;5;249mt[0m[38;5;249m,[0m[38;5;249m [0m[38;5;249mc[0m[38;5;249mu[0m[38;5;249mr[0m[38;5;249mr[0m[38;5;249me[0m[38;5;249mn[0m[38;5;249mt[0m[38;5;249mU[0m[38;5;249ms[0m[38;5;249me[0m[38;5;249mr[0m[38;5;249m,[0m[38;5;249m [0m[38;5;249ml[0m[38;5;249ma[0m[38;5;249mn[0m[38;5;249mg[0m[38;5;249mu[0m[38;5;249ma[0m[38;5;249mg[0m[38;5;249me[0m[38;5;249m,[0m[38;5;249m [0m[38;5;249mp[0m[38;5;249mu[0m[38;5;249ms[0m[38;5;249mh[0m[38;5;249mN[0m[38;5;249mo[0m[38;5;249mt[0m[38;5;249mi[0m[38;5;249mf[0m[38;5;249mi[0m[38;5;249mc[0m[38;5;249ma[0m[38;5;249mt[0m[38;5;249mi[0m[38;5;249mo[0m[38;5;249mn[0m[38;5;249m [0m[38;5;249m}[0m[38;5;249m)[0m[38;5;249m [0m[38;5;249m{[0m
 [38;5;240m     │[0m          ───────┬───────  
 [38;5;240m     │[0m                 ╰───────── It can not be redeclared here
[38;5;246m──────╯[0m

[31m[PARSE_ERROR] Error:[0m Identifier `TreasuryScreen` has already been declared
      [38;5;246m╭[0m[38;5;246m─[0m[38;5;246m[[0m src/App.jsx:2521:10 [38;5;246m][0m
      [38;5;246m│[0m
 [38;5;246m2521 │[0m [38;5;249mf[0m[38;5;249mu[0m[38;5;249mn[0m[38;5;249mc[0m[38;5;249mt[0m[38;5;249mi[0m[38;5;249mo[0m[38;5;249mn[0m[38;5;249m [0mTreasuryScreen[38;5;249m([0m[38;5;249m{[0m[38;5;249m [0m[38;5;249mo[0m[38;5;249mr[0m[38;5;249md[0m[38;5;249me[0m[38;5;249mr[0m[38;5;249ms[0m[38;5;249m,[0m[38;5;249m [0m[38;5;249mp[0m[38;5;249mu[0m[38;5;249mr[0m[38;5;249mc[0m[38;5;249mh[0m[38;5;249ma[0m[38;5;249ms[0m[38;5;249me[0m[38;5;249ms[0m[38;5;249m,[0m[38;5;249m [0m[38;5;249me[0m[38;5;249mx[0m[38;5;249mp[0m[38;5;249me[0m[38;5;249mn[0m[38;5;249ms[0m[38;5;249me[0m[38;5;249ms[0m[38;5;249m,[0m[38;5;249m [0m[38;5;249mp[0m[38;5;249ma[0m[38;5;249my[0m[38;5;249mr[0m[38;5;249mo[0m[38;5;249ml[0m[38;5;249ml[0m[38;5;249mR[0m[38;5;249me[0m[38;5;249mc[0m[38;5;249mo[0m[38;5;249mr[0m[38;5;249md[0m[38;5;249ms[0m[38;5;249m,[0m[38;5;249m [0m[38;5;249mc[0m[38;5;249mu[0m[38;5;249ms[0m[38;5;249mt[0m[38;5;249mo[0m[38;5;249mm[0m[38;5;249me[0m[38;5;249mr[0m[38;5;249mP[0m[38;5;249ma[0m[38;5;249my[0m[38;5;249mm[0m[38;5;249me[0m[38;5;249mn[0m[38;5;249mt[0m[38;5;249ms[0m[38;5;249m,[0m[38;5;249m [0m[38;5;249mc[0m[38;5;249ma[0m[38;5;249ms[0m[38;5;249mh[0m[38;5;249mb[0m[38;5;249mo[0m[38;5;249mx[0m[38;5;249mL[0m[38;5;249mo[0m[38;5;249mg[0m[38;5;249m,[0m[38;5;249m [0m[38;5;249ms[0m[38;5;249me[0m[38;5;249mt[0m[38;5;249mC[0m[38;5;249ma[0m[38;5;249ms[0m[38;5;249mh[0m[38;5;249mb[0m[38;5;249mo[0m[38;5;249mx[0m[38;5;249mL[0m[38;5;249mo[0m[38;5;249mg[0m[38;5;249m,[0m[38;5;249m [0m[38;5;249ma[0m[38;5;249mc[0m[38;5;249mt[0m[38;5;249mi[0m[38;5;249mv[0m[38;5;249me[0m[38;5;249mS[0m[38;5;249mh[0m[38;5;249mi[0m[38;5;249mf[0m[38;5;249mt[0m[38;5;249m,[0m[38;5;249m [0m[38;5;249mc[0m[38;5;249mu[0m[38;5;249mr[0m[38;5;249mr[0m[38;5;249me[0m[38;5;249mn[0m[38;5;249mt[0m[38;5;249mU[0m[38;5;249ms[0m[38;5;249me[0m[38;5;249mr[0m[38;5;249m,[0m[38;5;249m [0m[38;5;249ml[0m[38;5;249ma[0m[38;5;249mn[0m[38;5;249mg[0m[38;5;249mu[0m[38;5;249ma[0m[38;5;249mg[0m[38;5;249me[0m[38;5;249m,[0m[38;5;249m [0m[38;5;249mp[0m[38;5;249mu[0m[38;5;249ms[0m[38;5;249mh[0m[38;5;249mN[0m[38;5;249mo[0m[38;5;249mt[0m[38;5;249mi[0m[38;5;249mf[0m[38;5;249mi[0m[38;5;249mc[0m[38;5;249ma[0m[38;5;249mt[0m[38;5;249mi[0m[38;5;249mo[0m[38;5;249mn[0m[38;5;249m [0m[38;5;249m}[0m[38;5;249m)[0m[38;5;249m [0m[38;5;249m{[0m
 [38;5;240m     │[0m          ───────┬──────  
 [38;5;240m     │[0m                 ╰──────── `TreasuryScreen` has already been declared here
 [38;5;240m     │[0m 
 [38;5;246m6736 │[0m [38;5;249mf[0m[38;5;249mu[0m[38;5;249mn[0m[38;5;249mc[0m[38;5;249mt[0m[38;5;249mi[0m[38;5;249mo[0m[38;5;249mn[0m[38;5;249m [0mTreasuryScreen[38;5;249m([0m[38;5;249m{[0m[38;5;249m [0m[38;5;249mo[0m[38;5;249mr[0m[38;5;249md[0m[38;5;249me[0m[38;5;249mr[0m[38;5;249ms[0m[38;5;249m,[0m[38;5;249m [0m[38;5;249mp[0m[38;5;249mu[0m[38;5;249mr[0m[38;5;249mc[0m[38;5;249mh[0m[38;5;249ma[0m[38;5;249ms[0m[38;5;249me[0m[38;5;249ms[0m[38;5;249m,[0m[38;5;249m [0m[38;5;249me[0m[38;5;249mx[0m[38;5;249mp[0m[38;5;249me[0m[38;5;249mn[0m[38;5;249ms[0m[38;5;249me[0m[38;5;249ms[0m[38;5;249m,[0m[38;5;249m [0m[38;5;249mv[0m[38;5;249mo[0m[38;5;249mu[0m[38;5;249mc[0m[38;5;249mh[0m[38;5;249me[0m[38;5;249mr[0m[38;5;249ms[0m[38;5;249m,[0m[38;5;249m [0m[38;5;249mc[0m[38;5;249mu[0m[38;5;249ms[0m[38;5;249mt[0m[38;5;249mo[0m[38;5;249mm[0m[38;5;249me[0m[38;5;249mr[0m[38;5;249mP[0m[38;5;249ma[0m[38;5;249my[0m[38;5;249mm[0m[38;5;249me[0m[38;5;249mn[0m[38;5;249mt[0m[38;5;249ms[0m[38;5;249m,[0m[38;5;249m [0m[38;5;249ms[0m[38;5;249mt[0m[38;5;249ma[0m[38;5;249mf[0m[38;5;249mf[0m[38;5;249mP[0m[38;5;249ma[0m[38;5;249my[0m[38;5;249mm[0m[38;5;249me[0m[38;5;249mn[0m[38;5;249mt[0m[38;5;249ms[0m[38;5;249m,[0m[38;5;249m [0m[38;5;249mc[0m[38;5;249ma[0m[38;5;249ms[0m[38;5;249mh[0m[38;5;249mL[0m[38;5;249mo[0m[38;5;249mg[0m[38;5;249m,[0m[38;5;249m [0m[38;5;249ms[0m[38;5;249me[0m[38;5;249mt[0m[38;5;249mC[0m[38;5;249ma[0m[38;5;249ms[0m[38;5;249mh[0m[38;5;249mL[0m[38;5;249mo[0m[38;5;249mg[0m[38;5;249m,[0m[38;5;249m [0m[38;5;249ma[0m[38;5;249mc[0m[38;5;249mt[0m[38;5;249mi[0m[38;5;249mv[0m[38;5;249me[0m[38;5;249mS[0m[38;5;249mh[0m[38;5;249mi[0m[38;5;249mf[0m[38;5;249mt[0m[38;5;249m,[0m[38;5;249m [0m[38;5;249mc[0m[38;5;249mu[0m[38;5;249mr[0m[38;5;249mr[0m[38;5;249me[0m[38;5;249mn[0m[38;5;249mt[0m[38;5;249mU[0m[38;5;249ms[0m[38;5;249me[0m[38;5;249mr[0m[38;5;249m,[0m[38;5;249m [0m[38;5;249ml[0m[38;5;249ma[0m[38;5;249mn[0m[38;5;249mg[0m[38;5;249mu[0m[38;5;249ma[0m[38;5;249mg[0m[38;5;249me[0m[38;5;249m,[0m[38;5;249m [0m[38;5;249mp[0m[38;5;249mu[0m[38;5;249ms[0m[38;5;249mh[0m[38;5;249mN[0m[38;5;249mo[0m[38;5;249mt[0m[38;5;249mi[0m[38;5;249mf[0m[38;5;249mi[0m[38;5;249mc[0m[38;5;249ma[0m[38;5;249mt[0m[38;5;249mi[0m[38;5;249mo[0m[38;5;249mn[0m[38;5;249m [0m[38;5;249m}[0m[38;5;249m)[0m[38;5;249m [0m[38;5;249m{[0m
 [38;5;240m     │[0m          ───────┬──────  
 [38;5;240m     │[0m                 ╰──────── It can not be redeclared here
[38;5;246m──────╯[0m

[31m[PARSE_ERROR] Error:[0m Identifier `ReportsScreen` has already been declared
      [38;5;246m╭[0m[38;5;246m─[0m[38;5;246m[[0m src/App.jsx:2972:10 [38;5;246m][0m
      [38;5;246m│[0m
 [38;5;246m2972 │[0m [38;5;249mf[0m[38;5;249mu[0m[38;5;249mn[0m[38;5;249mc[0m[38;5;249mt[0m[38;5;249mi[0m[38;5;249mo[0m[38;5;249mn[0m[38;5;249m [0mReportsScreen[38;5;249m([0m[38;5;249m{[0m[38;5;249m [0m[38;5;249mo[0m[38;5;249mr[0m[38;5;249md[0m[38;5;249me[0m[38;5;249mr[0m[38;5;249ms[0m[38;5;249m,[0m[38;5;249m [0m[38;5;249mp[0m[38;5;249mu[0m[38;5;249mr[0m[38;5;249mc[0m[38;5;249mh[0m[38;5;249ma[0m[38;5;249ms[0m[38;5;249me[0m[38;5;249ms[0m[38;5;249m,[0m[38;5;249m [0m[38;5;249me[0m[38;5;249mx[0m[38;5;249mp[0m[38;5;249me[0m[38;5;249mn[0m[38;5;249ms[0m[38;5;249me[0m[38;5;249ms[0m[38;5;249m,[0m[38;5;249m [0m[38;5;249mi[0m[38;5;249mt[0m[38;5;249me[0m[38;5;249mm[0m[38;5;249ms[0m[38;5;249m,[0m[38;5;249m [0m[38;5;249mc[0m[38;5;249mu[0m[38;5;249ms[0m[38;5;249mt[0m[38;5;249mo[0m[38;5;249mm[0m[38;5;249me[0m[38;5;249mr[0m[38;5;249ms[0m[38;5;249m,[0m[38;5;249m [0m[38;5;249mc[0m[38;5;249mu[0m[38;5;249ms[0m[38;5;249mt[0m[38;5;249mo[0m[38;5;249mm[0m[38;5;249me[0m[38;5;249mr[0m[38;5;249mP[0m[38;5;249ma[0m[38;5;249my[0m[38;5;249mm[0m[38;5;249me[0m[38;5;249mn[0m[38;5;249mt[0m[38;5;249ms[0m[38;5;249m,[0m[38;5;249m [0m[38;5;249mp[0m[38;5;249ma[0m[38;5;249my[0m[38;5;249mr[0m[38;5;249mo[0m[38;5;249ml[0m[38;5;249ml[0m[38;5;249mR[0m[38;5;249me[0m[38;5;249mc[0m[38;5;249mo[0m[38;5;249mr[0m[38;5;249md[0m[38;5;249ms[0m[38;5;249m,[0m[38;5;249m [0m[38;5;249ml[0m[38;5;249ma[0m[38;5;249mn[0m[38;5;249mg[0m[38;5;249mu[0m[38;5;249ma[0m[38;5;249mg[0m[38;5;249me[0m[38;5;249m [0m[38;5;249m}[0m[38;5;249m)[0m[38;5;249m [0m[38;5;249m{[0m
 [38;5;240m     │[0m          ──────┬──────  
 [38;5;240m     │[0m                ╰──────── `ReportsScreen` has already been declared here
 [38;5;240m     │[0m 
 [38;5;246m7196 │[0m [38;5;249mf[0m[38;5;249mu[0m[38;5;249mn[0m[38;5;249mc[0m[38;5;249mt[0m[38;5;249mi[0m[38;5;249mo[0m[38;5;249mn[0m[38;5;249m [0mReportsScreen[38;5;249m([0m[38;5;249m{[0m[38;5;249m [0m[38;5;249mo[0m[38;5;249mr[0m[38;5;249md[0m[38;5;249me[0m[38;5;249mr[0m[38;5;249ms[0m[38;5;249m,[0m[38;5;249m [0m[38;5;249mp[0m[38;5;249mu[0m[38;5;249mr[0m[38;5;249mc[0m[38;5;249mh[0m[38;5;249ma[0m[38;5;249ms[0m[38;5;249me[0m[38;5;249ms[0m[38;5;249m,[0m[38;5;249m [0m[38;5;249me[0m[38;5;249mx[0m[38;5;249mp[0m[38;5;249me[0m[38;5;249mn[0m[38;5;249ms[0m[38;5;249me[0m[38;5;249ms[0m[38;5;249m,[0m[38;5;249m [0m[38;5;249mi[0m[38;5;249mt[0m[38;5;249me[0m[38;5;249mm[0m[38;5;249ms[0m[38;5;249m,[0m[38;5;249m [0m[38;5;249mc[0m[38;5;249mu[0m[38;5;249ms[0m[38;5;249mt[0m[38;5;249mo[0m[38;5;249mm[0m[38;5;249me[0m[38;5;249mr[0m[38;5;249ms[0m[38;5;249m,[0m[38;5;249m [0m[38;5;249mc[0m[38;5;249mu[0m[38;5;249ms[0m[38;5;249mt[0m[38;5;249mo[0m[38;5;249mm[0m[38;5;249me[0m[38;5;249mr[0m[38;5;249mP[0m[38;5;249ma[0m[38;5;249my[0m[38;5;249mm[0m[38;5;249me[0m[38;5;249mn[0m[38;5;249mt[0m[38;5;249ms[0m[38;5;249m,[0m[38;5;249m [0m[38;5;249ml[0m[38;5;249ma[0m[38;5;249mn[0m[38;5;249mg[0m[38;5;249mu[0m[38;5;249ma[0m[38;5;249mg[0m[38;5;249me[0m[38;5;249m [0m[38;5;249m}[0m[38;5;249m)[0m[38;5;249m [0m[38;5;249m{[0m
 [38;5;240m     │[0m          ──────┬──────  
 [38;5;240m     │[0m                ╰──────── It can not be redeclared here
[38;5;246m──────╯[0m
[31m
    at aggregateBindingErrorsIntoJsError (file:///C:/Users/Romany/Desktop/New%20folder%20(3)/StoreApp/node_modules/rolldown/dist/shared/error-CP8smW_P.mjs:48:18)
    at unwrapBindingResult (file:///C:/Users/Romany/Desktop/New%20folder%20(3)/StoreApp/node_modules/rolldown/dist/shared/error-CP8smW_P.mjs:18:128)
    at #build (file:///C:/Users/Romany/Desktop/New%20folder%20(3)/StoreApp/node_modules/rolldown/dist/shared/rolldown-build-4YnQkA76.mjs:3311:34)
    at async buildEnvironment (file:///C:/Users/Romany/Desktop/New%20folder%20(3)/StoreApp/node_modules/vite/dist/node/chunks/node.js:32794:64)
    at async Object.build (file:///C:/Users/Romany/Desktop/New%20folder%20(3)/StoreApp/node_modules/vite/dist/node/chunks/node.js:33216:19)
    at async Object.buildApp (file:///C:/Users/Romany/Desktop/New%20folder%20(3)/StoreApp/node_modules/vite/dist/node/chunks/node.js:33213:153)
    at async CAC.<anonymous> (file:///C:/Users/Romany/Desktop/New%20folder%20(3)/StoreApp/node_modules/vite/dist/node/cli.js:778:3) {
  errors: [Getter/Setter]
}[39m
npm verbose cwd C:\Users\Romany\Desktop\New folder (3)\StoreApp
npm verbose os Windows_NT 10.0.26100
npm verbose node v24.13.0
npm verbose npm  v11.6.2
npm verbose exit 1
npm verbose code 1
