npm verbose cli C:\Program Files\nodejs\node.exe C:\Program Files\nodejs\node_modules\npm\bin\npm-cli.js
npm info using npm@11.6.2
npm info using node@v24.13.0
npm verbose title npm run build
npm verbose argv "run" "build"
npm verbose logfile logs-max:10 dir:C:\Users\Romany\AppData\Local\npm-cache\_logs\2026-03-13T19_19_03_811Z-
npm verbose logfile C:\Users\Romany\AppData\Local\npm-cache\_logs\2026-03-13T19_19_03_811Z-debug-0.log

> storeapp@0.0.0 build
> vite build

[36mvite v8.0.0 [32mbuilding client environment for production...[36m[39m
[2Ktransforming...✓ 15 modules transformed.
[31m✗[39m Build failed in 121ms
[31merror during build:
[31mBuild failed with 1 error:

[31m[builtin:vite-transform] Error:[0m A 'return' statement can only be used within a function body.
      [38;5;246m╭[0m[38;5;246m─[0m[38;5;246m[[0m src/App.jsx:3131:3 [38;5;246m][0m
      [38;5;246m│[0m
 [38;5;246m3131 │[0m [38;5;249m [0m[38;5;249m [0mreturn[38;5;249m [0m[38;5;249m([0m
 [38;5;240m     │[0m   ───┬──  
 [38;5;240m     │[0m      ╰──── 
[38;5;246m──────╯[0m
[31m
    at aggregateBindingErrorsIntoJsError (file:///C:/Users/Romany/Desktop/New%20folder%20(3)/StoreApp/node_modules/rolldown/dist/shared/error-CP8smW_P.mjs:48:18)
    at unwrapBindingResult (file:///C:/Users/Romany/Desktop/New%20folder%20(3)/StoreApp/node_modules/rolldown/dist/shared/error-CP8smW_P.mjs:18:128)
    at #build (file:///C:/Users/Romany/Desktop/New%20folder%20(3)/StoreApp/node_modules/rolldown/dist/shared/rolldown-build-4YnQkA76.mjs:3311:34)
    at async buildEnvironment (file:///C:/Users/Romany/Desktop/New%20folder%20(3)/StoreApp/node_modules/vite/dist/node/chunks/node.js:32794:64)
    at async Object.build (file:///C:/Users/Romany/Desktop/New%20folder%20(3)/StoreApp/node_modules/vite/dist/node/chunks/node.js:33216:19)
    at async Object.buildApp (file:///C:/Users/Romany/Desktop/New%20folder%20(3)/StoreApp/node_modules/vite/dist/node/chunks/node.js:33213:153)
    at async CAC.<anonymous> (file:///C:/Users/Romany/Desktop/New%20folder%20(3)/StoreApp/node_modules/vite/dist/node/cli.js:778:3) {
  errors: [Getter/Setter]
}[39m
npm verbose cwd C:\Users\Romany\Desktop\New folder (3)\StoreApp
npm verbose os Windows_NT 10.0.26100
npm verbose node v24.13.0
npm verbose npm  v11.6.2
npm verbose exit 1
npm verbose code 1
